Zenith running on http://localhost: 3000
  http.serve: listening on port 3000
